../issues/issue448.conf:4:0: host or IP-address required
;
^
failed to read configuration '../issues/issue448.conf'
